(delay (lam case_True_4485 (lam case_False_4486 case_False_4486)))